
[1;33m------------------------------------------------------------[0m
[1;33mConnectivity & Basic Positive Tests (Tenant A)[0m
[1;33m------------------------------------------------------------[0m
[1;33m[TEST][0m Tenant A: can connect to db_tenant_a
  [0;32mPASS[0m
[1;33m[TEST][0m Tenant A: can read own sample_data
  [0;31mFAIL[0m

[1;33m------------------------------------------------------------[0m
[1;33mNegative Isolation Tests (Tenant A)[0m
[1;33m------------------------------------------------------------[0m
[1;33m[NEG][0m Tenant A: cannot connect to db_tenant_b
  [0;32mPASS (blocked as expected)[0m
[1;33m[NEG][0m Tenant A: cannot create table in public schema
  [0;32mPASS (blocked as expected)[0m
[1;33m[NEG][0m Tenant A: cannot create extension dblink
  [0;32mPASS (blocked as expected)[0m
[1;33m[NEG][0m Tenant A: cannot GRANT privileges to tenant_b_app
  [0;32mPASS (blocked as expected)[0m
[1;33m[NEG][0m Tenant A: cannot bypass search_path to create unqualified table
  [0;32mPASS (blocked as expected)[0m

[1;33m------------------------------------------------------------[0m
[1;33mOperational Guardrails[0m
[1;33m------------------------------------------------------------[0m
[1;33m[NEG][0m statement_timeout enforced (pg_sleep should be canceled)
  [0;32mPASS (blocked as expected)[0m

[1;33m------------------------------------------------------------[0m
[1;33mConnection Limit Enforcement[0m
[1;33m------------------------------------------------------------[0m
[0;32mPASS: connection limit enforced[0m

[1;33m------------------------------------------------------------[0m
[1;33mFinal Result[0m
[1;33m------------------------------------------------------------[0m
[0;31m1 TESTS FAILED[0m
